// 重构日志: 3cdf2677
// 重构日志: 7bfb6e22
// 同步 ID: 18c526c9 @ Fri Jul 24 23:05:00 UTC 2026
// 重构日志: bbd49c53
// 重构日志: 8d02436b
// 同步 ID: 786759f6 @ Sun Jul 26 08:47:18 UTC 2026
// 重构日志: a9a8f9c1
// 同步 ID: 71e0fc92 @ Sun Jul 26 12:37:39 UTC 2026
// 重构日志: 7549a318
// 同步 ID: 139b1adc @ Mon Jul 27 01:26:11 UTC 2026
// 重构日志: d6b08b3b
// 重构日志: 36bceb68
// 同步 ID: 0417836a @ Tue Jul 28 01:31:32 UTC 2026
// 重构日志: 6cdfd239
// 重构日志: b307531f
// 重构日志: 4e3123da
// 同步 ID: 6f8ba532 @ Wed Jul 29 15:49:34 UTC 2026
// 同步 ID: 0f9fc74e @ Wed Jul 29 20:27:54 UTC 2026
// 同步 ID: 33c71e37 @ Thu Jul 30 05:07:30 UTC 2026
// 重构日志: ec0fa0ca
// 重构日志: 47e6e938
// 同步 ID: f105dd9f @ Fri Jul 31 05:21:28 UTC 2026
// 同步 ID: ce59b4d6 @ Fri Jul 31 09:05:06 UTC 2026
// 重构日志: c4536503
// 重构日志: aadd8f27
// 同步 ID: 53045360 @ Sat Aug  1 00:07:11 UTC 2026
// 同步 ID: c651a746 @ Sat Aug  1 02:01:43 UTC 2026
// 同步 ID: f38ae146 @ Sat Aug  1 12:26:35 UTC 2026
// 重构日志: 601879d1
// 同步 ID: a15e2c94 @ Sun Aug  2 17:21:14 UTC 2026
// 重构日志: fffdd905
